/*
 * Copyright 2023 MONAI Consortium
 *
 * Licensed under the Apache License, Version 2.0 (the "License");
 * you may not use this file except in compliance with the License.
 * You may obtain a copy of the License at
 *
 * http://www.apache.org/licenses/LICENSE-2.0
 *
 * Unless required by applicable law or agreed to in writing, software
 * distributed under the License is distributed on an "AS IS" BASIS,
 * WITHOUT WARRANTIES OR CONDITIONS OF ANY KIND, either express or implied.
 * See the License for the specific language governing permissions and
 * limitations under the License.
 */

{
    "status": "Unhealthy",
    "checks": [
        {
            "check": "Task Manager Services",
            "result": "Healthy"
        },
        {
            "check": "mongodb",
            "result": "Healthy"
        },
        {
            "check": "minio",
            "result": "Healthy"
        },
        {
            "check": "minio-admin",
            "result": "Unhealthy"
        },
        {
            "check": "Rabbit MQ Publisher",
            "result": "Healthy"
        },
        {
            "check": "Rabbit MQ Subscriber",
            "result": "Healthy"
        }
    ]
}
